// Jest Snapshot v1, https://goo.gl/fbAQLP

exports[`renders correctly 1`] = `
<main
  id="calcPage"
>
  <h1>
    Let's do some math!
  </h1>
  <main
    id="main"
  >
    <div
      className="height"
      id="answer"
    >
      <p
        id="spaceright"
      >
        0
         
         
         
      </p>
    </div>
    <div
      className="height"
    >
      <button
        className="button"
        onClick={[Function]}
        type="button"
        value="AC"
      >
        AC
      </button>
      <button
        className="button"
        onClick={[Function]}
        type="button"
        value="+/-"
      >
        +/-
      </button>
      <button
        className="button"
        onClick={[Function]}
        type="button"
        value="%"
      >
        %
      </button>
      <button
        className="button symbols"
        onClick={[Function]}
        type="button"
        value="รท"
      >
        รท
      </button>
    </div>
    <div
      className="height"
    >
      <button
        className="button"
        onClick={[Function]}
        type="button"
        value="7"
      >
        7
      </button>
      <button
        className="button"
        onClick={[Function]}
        type="button"
        value="8"
      >
        8
      </button>
      <button
        className="button"
        onClick={[Function]}
        type="button"
        value="9"
      >
        9
      </button>
      <button
        className="button symbols"
        onClick={[Function]}
        type="button"
        value="x"
      >
        ร
      </button>
    </div>
    <div
      className="height"
    >
      <button
        className="button"
        onClick={[Function]}
        type="button"
        value="4"
      >
        4
      </button>
      <button
        className="button"
        onClick={[Function]}
        type="button"
        value="5"
      >
        5
      </button>
      <button
        className="button"
        onClick={[Function]}
        type="button"
        value="6"
      >
        6
      </button>
      <button
        className="button symbols"
        onClick={[Function]}
        type="button"
        value="-"
      >
        -
      </button>
    </div>
    <div
      className="height"
    >
      <button
        className="button"
        onClick={[Function]}
        type="button"
        value="1"
      >
        1
      </button>
      <button
        className="button"
        onClick={[Function]}
        type="button"
        value="2"
      >
        2
      </button>
      <button
        className="button"
        onClick={[Function]}
        type="button"
        value="3"
      >
        3
      </button>
      <button
        className="button symbols"
        onClick={[Function]}
        type="button"
        value="+"
      >
        +
      </button>
    </div>
    <div
      className="height"
    >
      <button
        className="button1"
        onClick={[Function]}
        type="button"
        value="0"
      >
        0
      </button>
      <button
        className="button"
        onClick={[Function]}
        type="button"
        value="."
      >
        .
      </button>
      <button
        className="button symbols"
        onClick={[Function]}
        type="button"
        value="="
      >
        =
      </button>
    </div>
  </main>
</main>
`;
