// Jest Snapshot v1, https://goo.gl/fbAQLP

exports[`renders correctly 1`] = `
<main
  id="homeContainer"
>
  <div
    className="homeContent"
  >
    <h1 />
    <p
      id="homeText"
    >
      This is a simple and easy-to-use calculator. Our goal is to provide you with a quick and efficient way to perform basic mathematical calculations. Whether you need to add, subtract, multiply, or divide, our calculator can handle it all. We understand that sometimes all you need is a straightforward solution, that's why we have designed our calculator to be straightforward and easy to use. It's perfect for students, professionals, and anyone who needs a reliable calculator for everyday use. Our calculator is free to use and you can access it anytime from anywhere. Try it out now and see for yourself how convenient it can be.
    </p>
  </div>
</main>
`;
